  ONE LIFE, with WANTS now driving what it does.
  needs: solvency, sharpness, curiosity. it commits to the most urgent and acts.
  actions: attend (watch), consolidate (sharpen), reach (look outside).
  wants is no longer a stub: five results over the weekend put it here.
  generation 0, 100 credit

   gen  credit   edge       want  slp  rch    age
------------------------------------------------------------
     0    99.0  -27.5  sharpness    1    1   0.4h
     0    95.7  -13.8  sharpness    2    2   0.7h
     0    94.8  -16.7  sharpness    2    3   1.1h
     0    96.3  -30.8  sharpness    3    4   1.4h
     0    97.2  -10.8  sharpness    4    6   1.9h
     0    98.8   +0.0  curiosity    4    8   2.2h
     0   100.1   +0.0  curiosity    5   10   2.5h
     0   100.6   +0.0  sharpness    6   12   2.9h
     0   101.1   +0.0  curiosity    6   14   3.2h
     0    98.2   +9.2  sharpness    7   15   3.5h
     0    99.7   -7.5  sharpness    8   16   3.9h
     0   101.7  -24.2  sharpness    8   18   4.2h
     0   103.2   +0.0  curiosity    9   20   4.5h
     0   105.2   +0.0  curiosity    9   21   4.9h
     0   107.2   +0.0  curiosity    9   23   5.2h
     0   109.2   +0.0  curiosity    9   25   5.5h
     0   111.2   +0.0  curiosity    9   27   5.9h
     0   111.2   +0.0  curiosity   10   29   6.2h
     0   110.8  +15.0  sharpness   10   31   6.5h
     0   112.3   +8.3  sharpness   11   33   6.9h
     0   113.5   -8.3  curiosity   12   34   7.2h
     0   113.3  +12.5  curiosity   12   36   7.5h
     0   114.8  +25.8  curiosity   13   38   7.9h
     0   116.3   -4.2  curiosity   14   40   8.2h
     0   114.1   -7.5  sharpness   14   42   8.6h
     0   112.6   -5.8  sharpness   15   43   8.9h
     0   111.4  -10.0  sharpness   16   44   9.2h
     0   110.7   +0.0  sharpness   16   45   9.6h
     0   109.0   -3.3  sharpness   17   46   9.9h
     0   109.9   +0.8  sharpness   18   48  10.2h
     0   111.9   -1.7  sharpness   18   49  10.6h
     0   113.4   +0.0  curiosity   19   51  10.9h
     0   115.4   +0.0  curiosity   19   53  11.2h
     0   117.4   +0.0  curiosity   19   55  11.6h
     0   119.4   +0.0  curiosity   19   57  11.9h
     0   121.4   +0.0  curiosity   19   59  12.2h
     0   122.3   +0.0  curiosity   20   61  12.6h
     0   124.3   +0.0  curiosity   20   63  12.9h
     0   125.8   +0.0  sharpness   21   65  13.2h
     0   127.8   +0.0  curiosity   21   66  13.6h
     0   129.8   +0.0  curiosity   21   68  13.9h
     0   131.8   +0.0  curiosity   21   70  14.2h
     0   133.8   +0.0  curiosity   21   72  14.6h
     0   134.3   -0.8  curiosity   22   74  14.9h
     0   134.5  +20.8  curiosity   22   76  15.2h
     0   134.5  +14.2  sharpness   23   78  15.6h
     0   133.6   -8.3  sharpness   24   79  15.9h
     0   134.7   +0.0  sharpness   24   81  16.2h
     0   136.2   +0.0  curiosity   25   82  16.6h
     0   138.2   +0.0  curiosity   25   84  16.9h
     0   137.9   +0.0  curiosity   26   86  17.2h
     0   138.3   +0.0  curiosity   27   88  17.6h
     0   140.3   +0.0  curiosity   27   90  17.9h
     0   139.9   +0.0  curiosity   28   92  23.0h
     0   140.5   +0.0  curiosity   29   94  24.0h
     0   142.3   +0.0  sharpness   29   96  24.4h
     0   143.8   +0.0  curiosity   30   98  24.7h
