do the phases genuinely contradict each other?
   keyed vs open  : events differ on  11.7% of steps
   keyed vs trap  : events differ on  35.6% of steps
    open vs trap  : events differ on  36.3% of steps

  good, 11.7% at worst

life: keyed -> open -> trap, 6000 steps each
uniform replay throughout, sweeping HOW MUCH rather than WHICH
consolidate every: [40, 20, 10, 5, 2, 1] items  (5 is what every previous arm used)

  seed 0 done
  seed 1 done
  seed 2 done
  seed 3 done
  seed 4 done
  seed 5 done
  seed 6 done
  seed 7 done

======================================================================================
CONTESTED events — where remembering the phase matters
        arm      keyed        open        trap   replays     grad    min
                 (1st)                  (last)
--------------------------------------------------------------------------------------
    offline      68.0%       77.0%       55.8%         0    89920    0.0
   every_40      52.8%       53.9%       94.4%      9000    14950    0.1
   every_20      58.0%       63.7%       91.6%     17990    23420    0.1
   every_10      52.7%       57.9%       97.2%     35970    40910    0.2
    every_5      56.3%       65.2%       92.0%     71940    76357    0.3
    every_2      54.6%       65.8%       89.5%    179850   183633    0.7
    every_1      64.1%       76.7%       61.1%    359700   363277    1.4
======================================================================================

SHARED events — identical under every rule set
    offline     100.0%      100.0%      100.0%
   every_40      99.8%       99.9%       99.4%
   every_20     100.0%      100.0%      100.0%
   every_10      99.9%      100.0%       99.5%
    every_5      99.9%       99.9%       99.9%
    every_2      99.9%       99.9%       99.5%
    every_1     100.0%      100.0%       99.7%

THE CURVE: contested events in the earliest phase 'keyed'
   every   replays    score   vs offline
------------------------------------------
      40      9000    52.8%       -15.3
      20     17990    58.0%       -10.0
      10     35970    52.7%       -15.4
       5     71940    56.3%       -11.7
       2    179850    54.6%       -13.4
       1    359700    64.1%        -4.0
 offline         -    68.0%

  ONLINE PLATEAUED at 64.1% (every_1), still 4.0 behind offline.
  5.0x the replay of the standard setting bought +7.8 points.
  The gap is STRUCTURAL, not a budget problem. Offline sees every phase
  interleaved in every epoch and never has to retain anything, so it is a
  ceiling rather than a target. Milestone 3 as stated is the wrong milestone.

WATCH THE LAST PHASE TOO. If contested accuracy on 'trap' FALLS as replay
rises, the replay stream is crowding out the live one and the system is
over-rehearsing. That would mean the standard setting is already past
optimal, which is the opposite of what this sweep was looking for and
worth more than the answer it was looking for.

wrote replay_budget.json
