Does the gap close with proper training?

CIFAR-10, 20000 images, 8 epochs, 6 blocks

The 18-point gap measured earlier was on ONE epoch. The literature says
local greedy losses cost almost nothing at CIFAR scale with real training.

  --- bp ---
              bp epoch 1: 49.83%    15.3s
              bp epoch 2: 60.52%    31.2s
              bp epoch 3: 66.70%    46.6s
              bp epoch 4: 67.65%    62.2s
              bp epoch 5: 67.95%    77.8s
              bp epoch 6: 70.42%    93.3s
              bp epoch 7: 68.22%   108.9s
              bp epoch 8: 68.80%   124.5s

  --- local-full ---
      local-full epoch 1: 32.00%    13.0s
      local-full epoch 2: 48.25%    26.3s
      local-full epoch 3: 44.50%    39.6s
      local-full epoch 4: 45.17%    52.8s
      local-full epoch 5: 54.98%    66.0s
      local-full epoch 6: 53.85%    79.4s
      local-full epoch 7: 51.48%    93.4s
      local-full epoch 8: 57.27%   106.7s

  --- skip-early ---
      skip-early epoch 1: 37.33%     8.9s
      skip-early epoch 2: 47.50%    17.4s
      skip-early epoch 3: 45.73%    26.4s
      skip-early epoch 4: 45.58%    35.3s
      skip-early epoch 5: 51.42%    44.8s
      skip-early epoch 6: 49.52%    54.1s
      skip-early epoch 7: 52.55%    63.6s
      skip-early epoch 8: 50.60%    73.1s

  --- skip-all-50 ---
     skip-all-50 epoch 1: 31.62%     7.8s
     skip-all-50 epoch 2: 37.15%    15.2s
     skip-all-50 epoch 3: 42.38%    23.6s
     skip-all-50 epoch 4: 42.62%    32.2s
     skip-all-50 epoch 5: 48.42%    41.1s
     skip-all-50 epoch 6: 49.15%    50.2s
     skip-all-50 epoch 7: 46.12%    59.4s
     skip-all-50 epoch 8: 37.38%    68.7s

================================================================================
ACCURACY BY EPOCH
          arm e1      e2      e3      e4      e5      e6      e7      e8    
--------------------------------------------------------------------------------
           bp  49.8   60.5   66.7   67.7   68.0   70.4   68.2   68.8
   local-full  32.0   48.2   44.5   45.2   55.0   53.9   51.5   57.3
   skip-early  37.3   47.5   45.7   45.6   51.4   49.5   52.5   50.6
  skip-all-50  31.6   37.1   42.4   42.6   48.4   49.1   46.1   37.4
================================================================================

FINAL, after 8 epochs:
             bp: 68.80%  (+0.00 vs backprop)   124.5s  (1.00x)
     local-full: 57.27%  (-11.52 vs backprop)   106.7s  (1.17x)
     skip-early: 50.60%  (-18.20 vs backprop)    73.1s  (1.70x)
    skip-all-50: 37.38%  (-31.42 vs backprop)    68.7s  (1.81x)

DID THE GAP CLOSE WITH TRAINING?
  after 1 epoch : local-full is -17.83 vs backprop
  after 8 epochs: local-full is -11.52 vs backprop
  the gap narrowed by +6.30 points

ACCURACY PER SECOND — the number that matters for a system that
learns continuously rather than in a training run:
             bp: 0.553 %/s
     local-full: 0.537 %/s
     skip-early: 0.692 %/s
    skip-all-50: 0.544 %/s

SECONDS TO REACH 61.9% (90% of backprop's final):
             bp:   46.6s (epoch 3)
     local-full: never reached
     skip-early: never reached
    skip-all-50: never reached

Two questions, and the second is the one worth publishing.

  DOES THE GAP CLOSE? If local-full converges toward backprop over eight
      epochs, then the 18 points measured earlier were undertraining and
      there is no accuracy problem to solve in this regime. That is a real
      answer even though it is not the exciting one: it would mean the
      contribution from this thread is the SPEED lever, not an accuracy
      fix.

  DOES SKIPPING ARRIVE SOONER? Accuracy per second, and time to reach a
      fixed target. Skipping does fewer updates per epoch, so it should
      lose per-epoch and win per-second. For a system learning
      continuously on a laptop, per-second is the only measure that
      matters — nobody counts epochs on a stream that never ends.

If local-full converges to backprop AND skipping reaches the same place
sooner in wall clock, the honest claim is: in the single-device regime,
local learning matches backpropagation and can be made faster than it. That
is narrower than "the gap is closed" and it is true.

wrote converge.json
