do the phases genuinely contradict each other?
   keyed vs open  : events differ on  11.7% of steps
   keyed vs trap  : events differ on  35.6% of steps
    open vs trap  : events differ on  36.3% of steps

  good, 11.7% at worst

life: keyed -> open -> trap, 6000 steps each
half of consolidation replays runs that never happened
every moment inside them is real; only the order is invented

  seed 0 done
  seed 1 done
  seed 2 done
  seed 3 done
  seed 4 done
  seed 5 done
  seed 6 done
  seed 7 done

========================================================================================
CONTESTED events — where remembering the phase matters
        arm      keyed        open        trap   dreams   share    min
                 (1st)                  (last)
----------------------------------------------------------------------------------------
    offline      68.0%       77.0%       55.8%        0   0.00    0.0
  veridical      60.7%       60.3%       84.0%        0   0.00    0.2
     splice      57.3%       57.1%       90.0%     3575   0.50    0.2
 interleave      56.6%       56.7%       86.4%     3587   0.50    0.2
   scramble      58.5%       58.8%       84.3%     3624   0.50    0.2
========================================================================================

SHARED events — identical under every rule set
  (this is where scrambled replay did its damage in August)
    offline     100.0%      100.0%      100.0%
  veridical      99.7%       99.8%      100.0%
     splice      99.8%       99.9%      100.0%
 interleave     100.0%      100.0%      100.0%
   scramble      99.7%       99.8%      100.0%

========================================================================================
THE CONTROL, READ FIRST
========================================================================================
  scramble is the known-bad arm. August measured scrambled replay damaging shared
  knowledge, 96.2% against 99.8%. It has to lose here or nothing else is readable.

  shared knowledge:  veridical 99.8%   scramble 99.8%   (+0.0)
  contested, 'keyed': veridical 60.7%   scramble 58.5%   (-2.2)

  CONTROL FAILED. Scrambling did not hurt, which contradicts the August result
  and means recombination is not reaching the model the way this script assumes.
  Check dream_share above: if it is near zero, the dreams were never built.
  NOTHING BELOW THIS LINE IS INTERPRETABLE.

========================================================================================
DOES DREAMING HELP? contested events, 'keyed'
========================================================================================
  veridical     60.7%
  splice        57.3%   (-3.4)
  interleave    56.6%   (-4.1)
  scramble      58.5%   (-2.2)

  One world, 8 seeds, dream_fraction 0.5. Every moment inside a dream is
  real with its real outcome; only the order is invented. Nothing here fabricates
  an observation or a result.

wrote dream_replay.json
