  predicting whether you will be at the keyboard in 5 minutes
  sampling every 30s, so the answer arrives 10 samples later
  sensors: idle time, machine, clock, weather (26.12, -80.14)
  it consolidates when it thinks you are AWAY, and that costs CPU it then sees
  starting a new life in live2_state

    sample     acc  majority    edge   here  sleeps   rb   elapsed
--------------------------------------------------------------------
        40  100.0%    100.0%   +0.0   100%       0    0     24.6m
        80   97.5%     97.5%   +0.0    97%       0    0     51.6m
       120   97.5%     97.5%   +0.0    97%       0    0     71.6m
       160   95.8%     95.8%   +0.0    94%       0    0    146.6m
       200   97.5%     97.5%   +0.0    97%       0    0    166.7m
       240   97.5%     97.5%   +0.0    97%       0    0    192.0m
       280   95.8%     95.8%   +0.0    96%       0    0    216.0m
       320   95.8%     95.8%   +0.0    96%       0    0    241.6m
       360   96.7%     96.7%   +0.0    97%       0    0    263.7m
       400   99.2%     99.2%   +0.0    99%       0    0    283.7m
       440   94.2%     94.2%   +0.0    95%       0    0    365.9m
       480   92.5%     92.5%   +0.0    93%       0    0    386.0m
       520   92.5%     92.5%   +0.0    93%       0    0    406.0m
       560   67.5%     67.5%   +0.0    68%       0    0    426.1m
       600   57.5%     57.5%   +0.0    57%       0    0    446.1m
       640   28.3%     71.7%  -43.3    28%       0    0    466.2m
       680   54.2%     75.0%  -20.8    25%       4    0    486.2m
       720   65.8%     96.7%  -30.8     3%      44    0    506.3m
       760   95.8%    100.0%   -4.2     0%      84    0    526.4m
       800  100.0%    100.0%   +0.0     0%     124    0    546.4m
       840  100.0%    100.0%   +0.0     0%     164    0    566.5m
       880  100.0%    100.0%   +0.0     0%     204    0    586.6m
       920   91.7%     91.7%   +0.0     5%     235    0    628.5m
       960   87.5%     87.5%   +0.0    10%     272    0    650.5m
     1,000   87.5%     87.5%   +0.0    10%     312    0    670.6m
     1,040   80.8%     77.5%   +3.3    20%     331    0    690.7m
     1,080   66.7%     60.8%   +5.8    32%     333    0    913.1m
     1,120   45.8%     51.7%   -5.8    52%     333    0   1292.6m
     1,160   56.7%     62.5%   -5.8    62%     333    0   1312.6m
     1,200   60.0%     56.7%   +3.3    60%     345    0   1343.9m
     1,240   73.3%     73.3%   +0.0    72%     345    0   1401.9m
     1,280   73.3%     73.3%   +0.0    72%     345    0   1421.9m
     1,320   82.5%     87.5%   -5.0    88%     345    0   1441.9m
     1,360   88.3%     90.0%   -1.7    90%     345    0   1462.0m
     1,400   90.8%     92.5%   -1.7    92%     345    0   1489.9m
     1,440   96.7%     96.7%   +0.0    97%     345    0   1509.9m
     1,480   98.3%     98.3%   +0.0    98%     345    0   1586.0m
     1,520  100.0%    100.0%   +0.0   100%     345    0   1606.0m
     1,560   98.3%     98.3%   +0.0    98%     345    0   1628.6m
     1,600   98.3%     98.3%   +0.0    98%     345    0   1653.2m
     1,640   98.3%     98.3%   +0.0    98%     345    0   1673.2m
     1,680   94.2%     76.7%  +17.5    77%     363    0   1998.2m
     1,720   90.0%     52.5%  +37.5    48%     398    0   2503.0m
     1,760   80.8%     68.3%  +12.5    31%     413    0   2737.3m
     1,800   80.8%     51.7%  +29.2    57%     413    0   2757.3m
     1,840   79.2%     75.0%   +4.2    78%     413    0   2834.1m
     1,880   88.3%     90.8%   -2.5    91%     413    0   2858.0m
     1,920   93.3%     93.3%   +0.0    93%     413    0   2882.7m
     1,960   99.2%     99.2%   +0.0    99%     413    0   2902.8m
     2,000   92.5%     92.5%   +0.0    90%     413    0   2926.7m
     2,040   76.7%     76.7%   +0.0    74%     430    0   2946.8m
     2,080   66.7%     66.7%   +0.0    69%     430    0   2984.4m
     2,120   64.2%     64.2%   +0.0    72%     431    0   3040.3m
     2,160   80.8%     80.8%   +0.0    88%     431    0   3060.4m
     2,200   90.8%     90.8%   +0.0    98%     431    0   3085.3m
     2,240  100.0%    100.0%   +0.0   100%     431    0   3105.4m
     2,280   87.5%     81.7%   +5.8    88%     436    0   3219.6m
     2,320   85.8%     80.0%   +5.8    86%     440    0   3268.6m
     2,360   85.8%     80.0%   +5.8    86%     440    0   3288.6m
     2,400   85.0%     80.0%   +5.0    82%     445    0   3308.7m
     2,440   86.7%     51.7%  +35.0    48%     485    0   3328.8m
     2,480   86.7%     85.0%   +1.7    22%     517    0   3363.7m
     2,520   95.8%     70.8%  +25.0    37%     522    0   3419.7m
     2,560   92.5%     60.0%  +32.5    68%     522    0   3439.7m
     2,600   89.2%     90.0%   -0.8    90%     522    0   3474.9m
     2,640   81.7%     84.2%   -2.5    84%     529    0   3585.0m
     2,680   72.5%     64.2%   +8.3    64%     548    0   3605.1m
     2,720   75.8%     65.8%  +10.0    42%     579    0   3753.1m
     2,760   86.7%     80.8%   +5.8    26%     610    0   4127.2m
     2,800   95.8%     61.7%  +34.2    46%     610    0   4184.6m
     2,840   79.2%     51.7%  +27.5    67%     613    0   4271.9m
     2,880   71.7%     71.7%   +0.0    80%     613    0   4292.0m
     2,920   63.3%     60.0%   +3.3    74%     615    0   4331.1m
     2,960   78.3%     78.3%   +0.0    84%     615    0   4366.4m
     3,000   85.8%     82.5%   +3.3    89%     615    0   4387.4m
     3,040   95.8%     95.8%   +0.0    97%     615    0   4420.4m
     3,080   88.3%     88.3%   +0.0    96%     615    0   4507.2m
     3,120   88.3%     89.2%   -0.8    96%     615    0   4527.8m
     3,160   87.5%     88.3%   -0.8    94%     615    0   4567.4m
     3,200   88.3%     75.8%  +12.5    74%     635    0   4750.1m
