  3,000,000 steps, one continuous life, no resets
  rule reverses every 20,000, sleeps every 500 for 83 rounds
  checking every 100,000 steps on 240 held-out probes per rule

        step  current  previous   health  anchor  buffer     seqs    rb  sleeps    sec
--------------------------------------------------------------------------------------------
     100,000    59.6%    100.0%   -1.090     100     500    12500     0     200     34
     200,000    56.2%     98.8%   +0.050     100     500    25000     0     400     34
     300,000    58.8%    100.0%   -1.093     100     500    37500     0     600     33
     400,000    57.5%     97.9%   +0.147     100     500    50000     0     800     33
     500,000    59.6%    100.0%   -1.093     100     500    62500     0    1000     33
     600,000    58.8%     97.5%   +0.241     100     500    75000     1    1200     33
     700,000    59.6%    100.0%   -1.093     100     500    87500     2    1400     32
     800,000    58.3%     96.7%   +0.007     100     500   100000     5    1600     33
     900,000    60.0%     99.6%   -1.094     100     500   112500     9    1800     33
   1,000,000    60.0%     93.8%   +0.066     100     500   125000    13    2000     33
   1,100,000    60.4%    100.0%   -0.891     100     500   137500    13    2200     33
   1,200,000    60.0%     95.8%   +0.284     100     500   150000    14    2400     33
   1,300,000    59.6%    100.0%   -1.091     100     500   162500    17    2600     33
   1,400,000    59.2%     94.2%   +0.262     100     500   175000    17    2800     33
   1,500,000    59.6%    100.0%   -0.938     100     500   187500    23    3000     33
   1,600,000    59.6%     95.4%   +0.266     100     500   200000    27    3200     33
   1,700,000    60.4%     99.6%   -1.087     100     500   212500    27    3400     32
   1,800,000    58.8%     93.8%   +0.119     100     500   225000    28    3600     33
   1,900,000    60.4%     99.6%   -1.093     100     500   237500    43    3800     33
   2,000,000    59.2%     94.6%   +0.422     100     500   250000    51    4000     32
   2,100,000    59.6%    100.0%   -1.093     100     500   262500    58    4200     31
   2,200,000    59.2%     93.3%   +0.408     100     500   275000    79    4400     33
   2,300,000    60.0%     99.2%   -1.093     100     500   287500    92    4600     33
   2,400,000    60.4%     94.6%   +0.381     100     500   300000   130    4800     34
   2,500,000    60.0%     99.6%   -1.093     100     500   312500   160    5000     33
   2,600,000    59.6%     93.8%   +0.472     100     500   325000   184    5200     34
   2,700,000    60.0%    100.0%   -1.094     100     500   337500   189    5400     34
   2,800,000    61.2%     91.2%   +0.327     100     500   350000   198    5600     36
   2,900,000    59.6%    100.0%   -1.094     100     500   362500   212    5800     35
   3,000,000    59.6%     93.8%   +0.468     100     500   375000   232    6000     33

============================================================================================
DID ANYTHING DEGRADE SLOWLY?
============================================================================================
  accuracy on the current rule               58.57 ->     60.06      +1.49
  accuracy on the previous rule              99.17 ->     96.13      -3.04
  canary drift (guard's damage measure)      -0.56 ->     -0.23      +0.33   DRIFTING
  replay buffer size                        500.00 ->    500.00      +0.00
  wall clock per block                       33.18 ->     34.19      +1.01

  rollbacks over the whole life: 232
  ROLLBACK STORM. The guard fired 232 times, which is more than twice per
  check block. Repeated rollbacks undo learning faster than it accumulates.

  3,000,000 steps in 16.6 minutes (3,019/s)
  This is the CHEAP check. It exercises the layer, the buffer and the guard.
  It does NOT exercise the sentence store, the embedding index or eviction,
  which is what the overnight language run is for.

  written to /Users/nadavminkowitz/neuron/neuron/results/longrun.json
