  probing sources:
    weather   ok    raw 0.7360
    wind      ok    raw 0.1217
    quakes    ok    raw 0.1667
    btc       ok    raw 83217.7900
    hn        ok    raw 49878776.0000

  5 sources, 3 policies, one query each per tick, every 90s
  every 10 ticks all sources are read and every policy is scored on all of them
  that audit is the comparable number; what each policy CHOSE to ask is the action

    tick     round    random    driven  queries   elapsed
------------------------------------------------------------
      10      0.0%      0.0%      0.0%       27     13.6m
      20      0.0%      0.0%      0.0%       57     28.7m
      30     16.7%     16.7%      0.0%       87     50.8m
      40     37.5%     37.5%      0.0%      117     65.9m
      50     50.0%     50.0%      0.0%      147     81.2m
      60     58.3%     58.3%      0.0%      177    151.2m
      70     64.3%     64.3%     14.3%      207    166.4m
      80     68.8%     68.8%     25.0%      237    181.7m
      90     72.2%     72.2%     33.3%      267    206.1m
     100     75.0%     75.0%     40.0%      297    221.4m
     110     77.3%     77.3%     45.5%      327    244.1m
     120     79.2%     79.2%     50.0%      357    259.2m
     130     80.8%     80.8%     53.8%      387    274.3m
     140     82.1%     82.1%     57.1%      417    351.6m
     150     83.3%     83.3%     60.0%      447    366.8m
     160     84.4%     84.4%     62.5%      477    381.9m
     170     85.3%     85.3%     64.7%      507    397.0m
     180     86.1%     86.1%     66.7%      537    412.2m
     190     86.8%     86.8%     68.4%      567    427.2m
     200     87.5%     87.5%     70.0%      597    442.4m
     210     85.7%     85.7%     69.0%      627    457.5m
     220     86.4%     86.4%     70.5%      657    472.7m
     230     87.0%     87.0%     71.7%      687    487.9m
     240     87.5%     87.5%     72.9%      717    503.1m
     250     88.0%     88.0%     74.0%      747    518.2m
     260     88.5%     88.5%     75.0%      777    533.3m
     270     88.9%     88.9%     75.9%      807    548.5m
     280     89.3%     89.3%     76.8%      837    563.7m
     290     89.7%     89.7%     77.6%      867    578.8m
     300     90.0%     90.0%     78.3%      897    594.0m
     310     90.3%     90.3%     79.0%      924    633.0m
     320     90.6%     90.6%     79.7%      954    648.2m
     330     90.9%     90.9%     80.3%      984    663.3m
     340     91.2%     91.2%     80.9%     1014    678.5m
     350     90.0%     90.0%     80.0%     1044    693.6m
     360     90.3%     90.3%     80.6%     1074   1022.3m
     370     89.2%     89.2%     79.7%     1101   1285.4m
     380     89.5%     89.5%     80.3%     1131   1300.6m
     390     89.7%     89.7%     80.8%     1161   1315.7m
     400     90.0%     90.0%     81.2%     1191   1379.7m
     410     90.2%     90.2%     81.7%     1221   1395.2m
     420     90.5%     90.5%     82.1%     1250   1414.6m
     430     90.7%     90.7%     82.6%     1280   1429.9m
     440     90.9%     90.9%     83.0%     1310   1445.1m
     450     91.1%     91.1%     83.3%     1340   1460.4m
     460     91.3%     91.3%     83.7%     1370   1483.4m
     470     91.5%     91.5%     84.0%     1400   1498.5m
     480     91.7%     91.7%     84.4%     1430   1513.8m
     490     91.8%     91.8%     84.7%     1460   1584.9m
     500     92.0%     92.0%     85.0%     1490   1600.1m
     510     92.2%     92.2%     85.3%     1520   1615.4m
     520     92.3%     92.3%     85.6%     1550   1637.6m
     530     92.5%     92.5%     85.8%     1580   1652.7m
     540     92.6%     92.6%     86.1%     1610   1668.1m
     550     91.9%     91.9%     85.6%     1640   1901.0m
     560     92.0%     92.0%     85.8%     1670   2252.2m
     570     92.1%     92.1%     86.0%     1700   2684.8m
     580     92.2%     92.2%     86.2%     1730   2732.7m
     590     92.4%     92.4%     86.4%     1760   2747.9m
     600     92.5%     92.5%     86.7%     1790   2763.0m
     610     92.6%     92.6%     86.9%     1820   2838.9m
     620     91.9%     91.9%     86.3%     1850   2854.2m
     630     92.1%     92.1%     86.5%     1880   2874.1m
     640     92.2%     92.2%     86.7%     1910   2889.3m
     650     92.3%     92.3%     86.9%     1940   2904.5m
     660     92.4%     92.4%     87.1%     1970   2923.5m
     670     92.5%     92.5%     87.3%     2000   2938.8m
     680     92.6%     92.6%     87.5%     2030   2953.9m
     690     92.0%     92.0%     87.0%     2060   3022.4m
     700     92.1%     92.1%     87.1%     2090   3037.7m
     710     92.3%     92.3%     87.3%     2120   3052.9m
     720     92.4%     92.4%     87.5%     2150   3072.9m
     730     92.5%     92.5%     87.7%     2180   3088.1m
     740     92.6%     92.6%     87.8%     2210   3103.2m
     750     92.0%     92.0%     87.3%     2240   3190.7m
     760     92.1%     92.1%     87.5%     2270   3256.6m
     770     92.2%     92.2%     87.7%     2300   3271.7m
     780     92.3%     92.3%     87.8%     2330   3286.9m
     790     92.4%     92.4%     88.0%     2360   3302.1m
     800     92.5%     92.5%     88.1%     2390   3317.3m
     810     92.6%     92.6%     88.3%     2420   3332.4m
     820     92.7%     92.7%     88.4%     2450   3398.3m
     830     92.8%     92.8%     88.6%     2480   3413.6m
     840     92.9%     92.9%     88.7%     2510   3428.7m
     850     92.9%     92.9%     88.8%     2540   3443.9m
     860     92.4%     92.4%     88.4%     2567   3564.3m
     870     92.5%     92.5%     88.5%     2597   3579.4m
     880     92.6%     92.6%     88.6%     2627   3594.5m
     890     92.7%     92.7%     88.8%     2657   3609.6m
     900     92.8%     92.8%     88.9%     2687   3863.5m
     910     92.8%     92.8%     88.9%     2714   4143.9m
     920     92.9%     92.9%     89.0%     2744   4174.3m
     930     92.9%     92.9%     89.1%     2774   4189.5m
     940     93.0%     93.0%     89.2%     2804   4271.8m
     950     93.1%     93.1%     89.4%     2834   4286.9m
     960     93.2%     93.2%     89.5%     2864   4302.0m
     970     93.2%     93.2%     89.6%     2894   4336.3m
     980     93.3%     93.3%     89.7%     2924   4367.7m
     990     93.4%     93.4%     89.8%     2954   4382.8m
    1000     93.4%     93.4%     89.9%     2984   4398.0m
    1010     93.5%     93.5%     90.0%     3014   4460.3m
    1020     93.6%     93.6%     90.1%     3044   4508.8m
    1030     93.6%     93.6%     90.2%     3074   4523.9m
    1040     93.7%     93.7%     90.3%     3104   4539.1m
    1050     93.8%     93.8%     90.4%     3131   4736.6m
    1060     93.8%     93.8%     90.5%     3161   4751.7m
    1070     90.7%     91.1%     88.3%     3191   4768.1m
