do the phases genuinely contradict each other?
   keyed vs open  : events differ on  11.7% of steps
   keyed vs trap  : events differ on  35.6% of steps
    open vs trap  : events differ on  36.3% of steps

  good, 11.7% at worst

life: keyed -> open -> trap, 6000 steps each
same total replay, spent in different shapes:
  continuous   consolidate every 5 items while living
  micro        live 25 items, then 5 consolidations with no input
  small        live 100 items, then 20 consolidations with no input
  nap          live 500 items, then 100 consolidations with no input
  sleep        live 2000 items, then 400 consolidations with no input

  seed 0 done
  seed 1 done
  seed 2 done
  seed 3 done
  seed 4 done
  seed 5 done
  seed 6 done
  seed 7 done

============================================================================================
THE PRECONDITION — is the replay budget actually matched?
============================================================================================
          arm    replays  vs control   sleeps  rollbacks
--------------------------------------------------------------------------------------------
   continuous      71960       1.00x     3600        0.0
        micro      72000       1.00x      720        0.0
        small      72000       1.00x      180        0.0
          nap      72000       1.00x       36        0.0
        sleep      72000       1.00x        9        0.0

============================================================================================
CONTESTED events — where remembering the phase matters
        arm      keyed        open        trap    min
                 (1st)                  (last)
--------------------------------------------------------------------------------------------
 continuous      64.7%       60.9%       99.6%    0.2
      micro      65.3%       62.7%       99.4%    0.2
      small      66.6%       63.9%       99.6%    0.2
        nap      71.7%       67.2%       99.7%    0.2
      sleep      73.6%       67.4%       99.9%    0.2
============================================================================================

SHARED events — identical under every rule set
 continuous      99.9%       99.9%      100.0%
      micro      99.9%       99.9%      100.0%
      small      99.9%       99.9%      100.0%
        nap      99.8%       99.9%      100.0%
      sleep      99.8%       99.9%      100.0%

============================================================================================
DOES SLEEPING HELP? contested events, 'keyed'
============================================================================================
          arm    score   vs continuous   awake between
   continuous    64.7%                               5
        micro    65.3%           +0.6              25
        small    66.6%           +1.9             100
          nap    71.7%           +7.0             500
        sleep    73.6%           +8.9            2000

  SLEEPING WINS: sleep beat continuous by 8.9 points on the same replay
  budget. Consolidation works better when the live stream is not competing
  for the weights, which is an argument for building an offline phase into
  the system rather than interleaving it.

  One world, 8 seeds, matched replay budget. A result about schedule,
  not about sleep in general.

wrote sleep_schedule.json
