do the phases genuinely contradict each other?
   keyed vs open  : events differ on   9.2% of steps
   keyed vs trap  : events differ on  33.8% of steps
    open vs trap  : events differ on  33.6% of steps

  good, 9.2% at worst

life: keyed -> open -> trap, 6000 steps each
recurrent network, has_key HIDDEN, sequence replay, runs of 10
four ways of choosing WHAT to replay, one of them persistent

  seed 0 done
  seed 1 done
  seed 2 done

==================================================================================
CONTESTED events — where remembering the phase matters
        arm      keyed        open        trap     grad    min
                 (1st)                  (last)
----------------------------------------------------------------------------------
    offline      68.2%       73.8%       36.6%    89920    0.0
    uniform      56.4%       63.6%       89.3%    76651    0.3
        old      37.9%       31.2%       78.9%    75976    0.3
 surprising      47.7%       52.4%       93.7%    76464    0.3
    valence      56.7%       66.9%       87.1%    76575    0.3
==================================================================================

SHARED events — identical under every rule set
    offline     100.0%      100.0%      100.0%
    uniform      99.8%       99.9%      100.0%
        old      97.1%       96.8%       99.2%
 surprising      99.6%       99.6%       98.6%
    valence     100.0%      100.0%       99.8%

MILESTONE 3: contested events in the earliest phase 'keyed'
      offline:   68.2%   (min 59.4, max 75.6)
      uniform:   56.4%   (min 45.4, max 70.0)
          old:   37.9%   (min 26.3, max 55.0)
   surprising:   47.7%   (min 38.3, max 54.4)
      valence:   56.7%   (min 55.3, max 59.3)

      uniform minus offline:  -11.8  (wins 1/3)
          old minus offline:  -30.3  (wins 0/3)
   surprising minus offline:  -20.5  (wins 0/3)
      valence minus offline:  -11.5  (wins 0/3)

          old minus uniform:  -18.5  (wins 1/3)
   surprising minus uniform:   -8.7  (wins 1/3)
      valence minus uniform:   +0.3  (wins 2/3)

  THE COMPARISON THAT MATTERS
  valence minus surprising:   +9.0  (wins 3/3)

valence internals, mean over seeds
              stored:   1336.000
         evicted_low:    736.000
            revalued:   7194.000
               faded:   1126.667
         valence_max:      6.484
      valence_median:      0.050
         valence_min:      0.050
    valence_at_floor:    543.333

READ THE INTERNALS BEFORE THE SCORES.

  faded near zero        nothing ever decayed, so value is just intake
      surprise with extra steps and the comparison is meaningless.
  valence_at_floor high  almost everything decayed to the floor, so ranking
      is near-random and the decay is too fast.
  evicted_low near zero  the buffer never overflowed, so the eviction half
      of the mechanism was never exercised.

Any of those three means the arm did not test what it claims to test, and
the score is not evidence either way. Fix the constants and rerun before
drawing a conclusion.

wrote valence_replay.json
